
Running 2 tests using 1 worker

[1A[2K[1/2] [setup] ΓÇ║ tests\e2e\auth.setup.ts:7:1 ΓÇ║ authenticate
[1A[2K[2/2] [chromium] ΓÇ║ tests\e2e\checkout.spec.ts:8:5 ΓÇ║ Checkout Flow with Foil Cards ΓÇ║ should search for Boomerang, add foil to cart and verify cart contents
[1A[2K  1) [chromium] ΓÇ║ tests\e2e\checkout.spec.ts:8:5 ΓÇ║ Checkout Flow with Foil Cards ΓÇ║ should search for Boomerang, add foil to cart and verify cart contents 

    [31mTest timeout of 60000ms exceeded.[39m

    Error: locator.click: Test timeout of 60000ms exceeded.
    Call log:
    [2m  - waiting for locator('.card-item').filter({ hasText: /Boomerang/i }).first()[22m


      18 |         // 2. Click the Boomerang card (DCI Promo or any Boomerang)
      19 |         const boomerangCard = page.locator('.card-item').filter({ hasText: /Boomerang/i }).first();
    > 20 |         await boomerangCard.click();
         |                             ^
      21 |
      22 |         // Wait for modal to load
      23 |         const modal = page.locator('[role="dialog"]');
        at C:\Users\carlo\OneDrive\Documents\Antigravity\TCG\frontend\tests\e2e\checkout.spec.ts:20:29

    attachment #1: screenshot (image/png) ΓöÇΓöÇΓöÇΓöÇΓöÇΓöÇΓöÇΓöÇΓöÇΓöÇΓöÇΓöÇΓöÇΓöÇΓöÇΓöÇΓöÇΓöÇΓöÇΓöÇΓöÇΓöÇΓöÇΓöÇΓöÇΓöÇΓöÇΓöÇΓöÇΓöÇΓöÇΓöÇΓöÇΓöÇΓöÇΓöÇΓöÇΓöÇΓöÇΓöÇΓöÇΓöÇΓöÇΓöÇΓöÇΓöÇΓöÇΓöÇΓöÇΓöÇΓöÇΓöÇΓöÇΓöÇΓöÇΓöÇΓöÇΓöÇ
    test-results\checkout-Checkout-Flow-wit-1d5d4-rt-and-verify-cart-contents-chromium\test-failed-1.png
    ΓöÇΓöÇΓöÇΓöÇΓöÇΓöÇΓöÇΓöÇΓöÇΓöÇΓöÇΓöÇΓöÇΓöÇΓöÇΓöÇΓöÇΓöÇΓöÇΓöÇΓöÇΓöÇΓöÇΓöÇΓöÇΓöÇΓöÇΓöÇΓöÇΓöÇΓöÇΓöÇΓöÇΓöÇΓöÇΓöÇΓöÇΓöÇΓöÇΓöÇΓöÇΓöÇΓöÇΓöÇΓöÇΓöÇΓöÇΓöÇΓöÇΓöÇΓöÇΓöÇΓöÇΓöÇΓöÇΓöÇΓöÇΓöÇΓöÇΓöÇΓöÇΓöÇΓöÇΓöÇΓöÇΓöÇΓöÇΓöÇΓöÇΓöÇΓöÇΓöÇΓöÇΓöÇΓöÇΓöÇΓöÇΓöÇΓöÇΓöÇΓöÇΓöÇΓöÇΓöÇΓöÇΓöÇΓöÇΓöÇΓöÇΓöÇΓöÇΓöÇΓöÇΓöÇΓöÇΓöÇ

    Error Context: test-results\checkout-Checkout-Flow-wit-1d5d4-rt-and-verify-cart-contents-chromium\error-context.md


[1A[2K  1 failed
    [chromium] ΓÇ║ tests\e2e\checkout.spec.ts:8:5 ΓÇ║ Checkout Flow with Foil Cards ΓÇ║ should search for Boomerang, add foil to cart and verify cart contents 
  1 passed (1.2m)

[36m  Serving HTML report at http://localhost:9323. Press Ctrl+C to quit.[39m
