python : C:\Users\carlo\AppData\Local\Programs\Python\Py
thon313\Lib\site-packages\supabase\_sync\client.py:309: 
DeprecationWarning: The 'timeout' parameter is 
deprecated. Please configure it in the http client 
instead.
At line:1 char:22
+ ... ONPATH="."; python 
tests/unit/test_commerce_inventory.py 2>&1 | Out-F ...
+                 
~~~~~~~~~~~~~~~~~~~~~~~~~~~~~~~~~~~~~~~~~~~~~~~~~
    + CategoryInfo          : NotSpecified: (C:\Users\c 
   arlo\...client instead.:String) [], RemoteException
    + FullyQualifiedErrorId : NativeCommandError
 
  return SyncPostgrestClient(
C:\Users\carlo\AppData\Local\Programs\Python\Python313\L
ib\site-packages\supabase\_sync\client.py:309: 
DeprecationWarning: The 'verify' parameter is 
deprecated. Please configure it in the http client 
instead.
  return SyncPostgrestClient(
C:\Users\carlo\OneDrive\Documents\Antigravity\TCG\tests\
unit\test_commerce_inventory.py:18: DeprecationWarning: 
There is no current event loop
  loop = asyncio.get_event_loop()
EE
========================================================
==============
ERROR: test_01_cart_and_checkout 
(__main__.TestCommerceFlow.test_01_cart_and_checkout)
--------------------------------------------------------
--------------
Traceback (most recent call last):
  File "C:\Users\carlo\OneDrive\Documents\Antigravity\TC
G\tests\unit\test_commerce_inventory.py", line 59, in 
test_01_cart_and_checkout
    success = loop.run_until_complete(run_flow())
  File "C:\Users\carlo\AppData\Local\Programs\Python\Pyt
hon313\Lib\asyncio\base_events.py", line 725, in 
run_until_complete
    return future.result()
           ~~~~~~~~~~~~~^^
  File "C:\Users\carlo\OneDrive\Documents\Antigravity\TC
G\tests\unit\test_commerce_inventory.py", line 23, in 
run_flow
    carts = 
supabase.table('carts').select('id').eq('user_id', 
self.user_id).execute()
  File "C:\Users\carlo\AppData\Local\Programs\Python\Pyt
hon313\Lib\site-packages\postgrest\_sync\request_builder
.py", line 53, in execute
    raise APIError(dict(json_obj))
postgrest.exceptions.APIError: {'message': 'invalid 
input syntax for type uuid: "test-auth-user"', 'code': 
'22P02', 'hint': None, 'details': None}

========================================================
==============
ERROR: test_inventory_crud 
(__main__.TestInventoryManagement.test_inventory_crud)
--------------------------------------------------------
--------------
Traceback (most recent call last):
  File "C:\Users\carlo\OneDrive\Documents\Antigravity\TC
G\tests\unit\test_commerce_inventory.py", line 95, in 
test_inventory_crud
    success = loop.run_until_complete(run_crud())
  File "C:\Users\carlo\AppData\Local\Programs\Python\Pyt
hon313\Lib\asyncio\base_events.py", line 725, in 
run_until_complete
    return future.result()
           ~~~~~~~~~~~~~^^
  File "C:\Users\carlo\OneDrive\Documents\Antigravity\TC
G\tests\unit\test_commerce_inventory.py", line 80, in 
run_crud
    item = supabase.table('user_collections').select('id
').eq('user_id', self.user_id).execute().data[0]
           ~~~~~~~~~~~~~~~~~~~~~~~~~~~~~~~~~~~~~~~~~~~~~
~~~~~~~~~~~~~~~~~~~~~~~~~~~~~~~~~~~~~~^^
  File "C:\Users\carlo\AppData\Local\Programs\Python\Pyt
hon313\Lib\site-packages\postgrest\_sync\request_builder
.py", line 53, in execute
    raise APIError(dict(json_obj))
postgrest.exceptions.APIError: {'message': 'column 
user_collections.id does not exist', 'code': '42703', 
'hint': None, 'details': None}

--------------------------------------------------------
--------------
Ran 2 tests in 4.473s

FAILED (errors=2)
Importing to collection...
<sys>:0: ResourceWarning: unclosed <ssl.SSLSocket 
fd=720, family=2, type=1, proto=0, 
laddr=('192.168.10.111', 57656), raddr=('104.18.38.10', 
443)>
